// Jest Snapshot v1, https://goo.gl/fbAQLP

exports[`Transactions Merge Transactions 1`] = `
Array [
  Object {
    "accountNumber": "2222",
    "chargedAmount": -54.72,
    "date": "2020-03-24T22:00:00.002Z",
    "description": "Puppies",
    "hash": "2020-03-24T22:00:00.000Z_-54.72_Puppies__visaCal_2222",
    "installments": undefined,
    "memo": "",
    "originalAmount": -14.95,
    "originalCurrency": "USD",
    "processedDate": "2020-06-01T21:00:00.000Z",
    "status": "completed",
    "type": "normal",
  },
  Object {
    "accountNumber": "2222",
    "chargedAmount": -200,
    "date": "2020-03-27T21:00:00.000Z",
    "description": "מי גבעתיים‎ בע'מ",
    "hash": "2020-03-27T21:00:00.000Z_-200_מיגבעתייםבע'מ_somememo_visaCal_2222",
    "installments": undefined,
    "memo": "some memo",
    "originalAmount": -200,
    "originalCurrency": "ILS",
    "processedDate": "2020-04-01T21:00:00.000Z",
    "status": "completed",
    "type": "normal",
  },
]
`;
